python : EE.....................................Warning: You are sending unauthenticated requests to the HF Hub. 
Please set a HF_TOKEN to enable higher rate limits and faster downloads.
At line:1 char:1
+ python -m unittest discover tests > test_output.txt 2>&1
+ ~~~~~~~~~~~~~~~~~~~~~~~~~~~~~~~~~~~~~~~~~~~~~~~~~~~~~~~~
    + CategoryInfo          : NotSpecified: (EE................ster downloads.:String) [], RemoteException
    + FullyQualifiedErrorId : NativeCommandError
 

Loading weights:   0%|          | 0/103 [00:00<?, ?it/s]
Loading weights: 100%|##########| 103/103 [00:00<00:00, 9614.40it/s]
.
Loading weights:   0%|          | 0/103 [00:00<?, ?it/s]
Loading weights: 100%|##########| 103/103 [00:00<00:00, 7679.28it/s]
.
Loading weights:   0%|          | 0/103 [00:00<?, ?it/s]
Loading weights: 100%|##########| 103/103 [00:00<00:00, 5792.15it/s]
.
Loading weights:   0%|          | 0/103 [00:00<?, ?it/s]
Loading weights: 100%|##########| 103/103 [00:00<00:00, 8518.79it/s]
.
Loading weights:   0%|          | 0/103 [00:00<?, ?it/s]
Loading weights: 100%|##########| 103/103 [00:00<00:00, 7008.54it/s]
.
Loading weights:   0%|          | 0/103 [00:00<?, ?it/s]
Loading weights: 100%|##########| 103/103 [00:00<00:00, 6247.03it/s]
.
Loading weights:   0%|          | 0/103 [00:00<?, ?it/s]
Loading weights: 100%|##########| 103/103 [00:00<00:00, 6059.01it/s]
.
Loading weights:   0%|          | 0/103 [00:00<?, ?it/s]
Loading weights: 100%|##########| 103/103 [00:00<00:00, 8526.86it/s]
.
Loading weights:   0%|          | 0/103 [00:00<?, ?it/s]
Loading weights: 100%|##########| 103/103 [00:00<00:00, 7496.98it/s]
.
Loading weights:   0%|          | 0/103 [00:00<?, ?it/s]
Loading weights: 100%|##########| 103/103 [00:00<00:00, 4261.83it/s]
......................................C:\Users\SAKSHAM\AppData\Local\Programs\Python\Python312\Lib\site-packages\xgboos
t\training.py:200: UserWarning: [00:57:25] WARNING: C:\actions-runner\_work\xgboost\xgboost\src\learner.cc:793: 
Parameters: { "use_label_encoder" } are not used.

  bst.update(dtrain, iteration=i, fobj=obj)
......C:\Users\SAKSHAM\AppData\Local\Programs\Python\Python312\Lib\site-packages\xgboost\training.py:200: UserWarning: 
[00:57:26] WARNING: C:\actions-runner\_work\xgboost\xgboost\src\learner.cc:793: 
Parameters: { "use_label_encoder" } are not used.

  bst.update(dtrain, iteration=i, fobj=obj)
.C:\Users\SAKSHAM\AppData\Local\Programs\Python\Python312\Lib\site-packages\xgboost\training.py:200: UserWarning: 
[00:57:27] WARNING: C:\actions-runner\_work\xgboost\xgboost\src\learner.cc:793: 
Parameters: { "use_label_encoder" } are not used.

  bst.update(dtrain, iteration=i, fobj=obj)
................................................................................................
======================================================================
ERROR: stage2.test_nav_engine (unittest.loader._FailedTest.stage2.test_nav_engine)
----------------------------------------------------------------------
ImportError: Failed to import test module: stage2.test_nav_engine
Traceback (most recent call last):
  File "C:\Users\SAKSHAM\AppData\Local\Programs\Python\Python312\Lib\unittest\loader.py", line 396, in _find_test_path
    module = self._get_module_from_name(name)
             ^^^^^^^^^^^^^^^^^^^^^^^^^^^^^^^^
  File "C:\Users\SAKSHAM\AppData\Local\Programs\Python\Python312\Lib\unittest\loader.py", line 339, in 
_get_module_from_name
    __import__(name)
  File "C:\Users\SAKSHAM\Downloads\oracle_tmf\tests\stage2\test_nav_engine.py", line 9, in <module>
    from engines.nav.nav_engine import NAVEngine
  File "C:\Users\SAKSHAM\Downloads\oracle_tmf\engines\nav\__init__.py", line 1, in <module>
    from nav_engine import NAVEngine
ModuleNotFoundError: No module named 'nav_engine'


======================================================================
ERROR: stage2.test_orchestrator_stage2 (unittest.loader._FailedTest.stage2.test_orchestrator_stage2)
----------------------------------------------------------------------
ImportError: Failed to import test module: stage2.test_orchestrator_stage2
Traceback (most recent call last):
  File "C:\Users\SAKSHAM\AppData\Local\Programs\Python\Python312\Lib\unittest\loader.py", line 396, in _find_test_path
    module = self._get_module_from_name(name)
             ^^^^^^^^^^^^^^^^^^^^^^^^^^^^^^^^
  File "C:\Users\SAKSHAM\AppData\Local\Programs\Python\Python312\Lib\unittest\loader.py", line 339, in 
_get_module_from_name
    __import__(name)
  File "C:\Users\SAKSHAM\Downloads\oracle_tmf\tests\stage2\test_orchestrator_stage2.py", line 6, in <module>
    from orchestrator_stage2 import Stage2Config,Stage2Orchestrator,Stage2Report
  File "C:\Users\SAKSHAM\Downloads\oracle_tmf\orchestrator_stage2.py", line 37, in <module>
    from pipeline.stage2.stage_m_phantom_detonation import StageMPhantomDetonation,StageMResult
  File "C:\Users\SAKSHAM\Downloads\oracle_tmf\pipeline\stage2\__init__.py", line 2, in <module>
    from .stage_n_nav_analysis import StageNNAVAnalysis,StageNResult
  File "C:\Users\SAKSHAM\Downloads\oracle_tmf\pipeline\stage2\stage_n_nav_analysis.py", line 6, in <module>
    from engines.nav.nav_engine import NAVEngine
  File "C:\Users\SAKSHAM\Downloads\oracle_tmf\engines\nav\__init__.py", line 1, in <module>
    from nav_engine import NAVEngine
ModuleNotFoundError: No module named 'nav_engine'


----------------------------------------------------------------------
Ran 189 tests in 85.273s

FAILED (errors=2)
